hello
world
nice to meet you
how are you
nihao
good moring

2nd update
